// Vitest Snapshot v1, https://vitest.dev/guide/snapshot.html

exports[`random.clone with seedrandom rng is consistent 1`] = `
[
  0.9362808130793461,
  0.4864517867266793,
  0.5065797249862649,
  0.3300815411147545,
  0.022876541849241913,
  0.0018718398576695902,
  0.8458705577357042,
  0.9501863429937075,
  0.5562872420975038,
  0.8032030618791965,
]
`;

exports[`random.clone with string seed is consistent 1`] = `
[
  0.2944232742184869,
  0.35115469131789284,
  0.14051693549513977,
  -0.5556060076011705,
  -0.4790220609212565,
  3.0110380960265593,
  2.1567558775511335,
  -2.052822767200372,
  -0.8166047767287957,
  -0.40142278586882546,
]
`;
